// Jest Snapshot v1, https://goo.gl/fbAQLP

exports[`renders correctly 1`] = `
<View
  style={
    Object {
      "alignItems": "center",
      "flex": 1,
      "justifyContent": "space-evenly",
    }
  }
>
  <Text
    style={
      Array [
        Object {
          "fontSize": 15,
          "textAlign": "left",
        },
        Object {
          "color": "#C71585",
          "fontSize": 20,
          "fontWeight": "bold",
        },
      ]
    }
  />
  <View
    style={
      Object {
        "flexDirection": "row",
        "justifyContent": "space-around",
        "width": "100%",
      }
    }
  >
    <View
      accessible={true}
      collapsable={false}
      focusable={true}
      onBlur={[Function]}
      onClick={[Function]}
      onFocus={[Function]}
      onResponderGrant={[Function]}
      onResponderMove={[Function]}
      onResponderRelease={[Function]}
      onResponderTerminate={[Function]}
      onResponderTerminationRequest={[Function]}
      onStartShouldSetResponder={[Function]}
      style={
        Array [
          Object {
            "backgroundColor": "#45b1e8",
            "borderRadius": 6,
            "paddingHorizontal": 30,
            "paddingVertical": 12,
          },
          false,
          Object {
            "paddingHorizontal": 30,
          },
        ]
      }
    >
      <Text
        style={
          Array [
            Object {
              "fontSize": 15,
              "textAlign": "left",
            },
            Object {
              "color": "#fff",
              "fontSize": 13,
              "fontWeight": "500",
            },
          ]
        }
      >
        Back
      </Text>
    </View>
    <View
      accessible={true}
      collapsable={false}
      focusable={true}
      onBlur={[Function]}
      onClick={[Function]}
      onFocus={[Function]}
      onResponderGrant={[Function]}
      onResponderMove={[Function]}
      onResponderRelease={[Function]}
      onResponderTerminate={[Function]}
      onResponderTerminationRequest={[Function]}
      onStartShouldSetResponder={[Function]}
      style={
        Array [
          Object {
            "backgroundColor": "#45b1e8",
            "borderRadius": 6,
            "paddingHorizontal": 30,
            "paddingVertical": 12,
          },
          false,
          Object {
            "paddingHorizontal": 30,
          },
        ]
      }
    >
      <Text
        style={
          Array [
            Object {
              "fontSize": 15,
              "textAlign": "left",
            },
            Object {
              "color": "#fff",
              "fontSize": 13,
              "fontWeight": "500",
            },
          ]
        }
      >
        Scan
      </Text>
    </View>
  </View>
</View>
`;
